// Jest Snapshot v1, https://goo.gl/fbAQLP

exports[`Modal component should do snapshot 1`] = `
Object {
  "asFragment": [Function],
  "baseElement": <body>
    <div>
      <div
        class="modal-window"
      >
        <section
          class="modal-content"
        >
          <article
            class="modal-header"
          >
            <h2>
              Hello world
            </h2>
            <button
              class="modal-header__close-button"
            >
              X
            </button>
          </article>
          <article
            class="modal-text"
          >
            <p>
              How its going ?
            </p>
          </article>
          <article
            class="modal-buttons"
          >
            <button
              class="modal-buttons__item"
            >
              Cancel
            </button>
          </article>
        </section>
      </div>
    </div>
  </body>,
  "container": <div>
    <div
      class="modal-window"
    >
      <section
        class="modal-content"
      >
        <article
          class="modal-header"
        >
          <h2>
            Hello world
          </h2>
          <button
            class="modal-header__close-button"
          >
            X
          </button>
        </article>
        <article
          class="modal-text"
        >
          <p>
            How its going ?
          </p>
        </article>
        <article
          class="modal-buttons"
        >
          <button
            class="modal-buttons__item"
          >
            Cancel
          </button>
        </article>
      </section>
    </div>
  </div>,
  "debug": [Function],
  "findAllByAltText": [Function],
  "findAllByDisplayValue": [Function],
  "findAllByLabelText": [Function],
  "findAllByPlaceholderText": [Function],
  "findAllByRole": [Function],
  "findAllByTestId": [Function],
  "findAllByText": [Function],
  "findAllByTitle": [Function],
  "findByAltText": [Function],
  "findByDisplayValue": [Function],
  "findByLabelText": [Function],
  "findByPlaceholderText": [Function],
  "findByRole": [Function],
  "findByTestId": [Function],
  "findByText": [Function],
  "findByTitle": [Function],
  "getAllByAltText": [Function],
  "getAllByDisplayValue": [Function],
  "getAllByLabelText": [Function],
  "getAllByPlaceholderText": [Function],
  "getAllByRole": [Function],
  "getAllByTestId": [Function],
  "getAllByText": [Function],
  "getAllByTitle": [Function],
  "getByAltText": [Function],
  "getByDisplayValue": [Function],
  "getByLabelText": [Function],
  "getByPlaceholderText": [Function],
  "getByRole": [Function],
  "getByTestId": [Function],
  "getByText": [Function],
  "getByTitle": [Function],
  "queryAllByAltText": [Function],
  "queryAllByDisplayValue": [Function],
  "queryAllByLabelText": [Function],
  "queryAllByPlaceholderText": [Function],
  "queryAllByRole": [Function],
  "queryAllByTestId": [Function],
  "queryAllByText": [Function],
  "queryAllByTitle": [Function],
  "queryByAltText": [Function],
  "queryByDisplayValue": [Function],
  "queryByLabelText": [Function],
  "queryByPlaceholderText": [Function],
  "queryByRole": [Function],
  "queryByTestId": [Function],
  "queryByText": [Function],
  "queryByTitle": [Function],
  "rerender": [Function],
  "unmount": [Function],
}
`;
